
> meeting@0.1.0 build
> next build

node.exe : ΓÜá Warning: Next.js inferred your workspace root, but it may not be correct.
At line:1 char:1
+ & "C:\Program Files\nodejs/node.exe" "C:\Users\rajsi\AppData\Roaming\ ...
+ ~~~~~~~~~~~~~~~~~~~~~~~~~~~~~~~~~~~~~~~~~~~~~~~~~~~~~~~~~~~~~~~~~~~~~
    + CategoryInfo          : NotSpecified: (ΓÜá Warning: Ne...not be correct.:String) [], RemoteException
    + FullyQualifiedErrorId : NativeCommandError
 
 We detected multiple lockfiles and selected the directory of C:\Users\rajsi\pnpm-lock.yaml as the root directory.
 To silence this warning, set `turbopack.root` in your Next.js config, or consider removing one of the lockfiles if 
it's not needed.
   See https://nextjs.org/docs/app/api-reference/config/next-config-js/turbopack#root-directory for more information.
 Detected additional lockfiles: 
   * C:\Users\rajsi\Downloads\meeting\package-lock.json

Γû▓ Next.js 16.2.6 (Turbopack)
- Environments: .env.local

  Creating an optimized production build ...
Γ£ô Compiled successfully in 4.6s
  Running TypeScript ...
  Finished TypeScript in 5.2s ...
  Collecting page data using 7 workers ...
  Generating static pages using 7 workers (0/10) ...
  Generating static pages using 7 workers (2/10) 
  Generating static pages using 7 workers (4/10) 
Γ¿» useSearchParams() should be wrapped in a suspense boundary at page "/404". Read more: 
https://nextjs.org/docs/messages/missing-suspense-with-csr-bailout
    at S (C:\Users\rajsi\Downloads\meeting\.next\server\chunks\ssr\04e4_0.s2e7y._.js:2:2692)
    at r (C:\Users\rajsi\Downloads\meeting\.next\server\chunks\ssr\04e4_0.s2e7y._.js:4:6757)
    at C:\Users\rajsi\Downloads\meeting\.next\server\chunks\ssr\Downloads_meeting_components_0-aj1ic._.js:1:56582
    at an 
(C:\Users\rajsi\Downloads\meeting\node_modules\next\dist\compiled\next-server\app-page-turbo.runtime.prod.js:2:84267)
    at ai 
(C:\Users\rajsi\Downloads\meeting\node_modules\next\dist\compiled\next-server\app-page-turbo.runtime.prod.js:2:86086)
    at ai 
(C:\Users\rajsi\Downloads\meeting\node_modules\next\dist\compiled\next-server\app-page-turbo.runtime.prod.js:2:104615)
    at al 
(C:\Users\rajsi\Downloads\meeting\node_modules\next\dist\compiled\next-server\app-page-turbo.runtime.prod.js:2:107860)
    at ao 
(C:\Users\rajsi\Downloads\meeting\node_modules\next\dist\compiled\next-server\app-page-turbo.runtime.prod.js:2:105275)
    at am 
(C:\Users\rajsi\Downloads\meeting\node_modules\next\dist\compiled\next-server\app-page-turbo.runtime.prod.js:2:112789)
    at au 
(C:\Users\rajsi\Downloads\meeting\node_modules\next\dist\compiled\next-server\app-page-turbo.runtime.prod.js:2:109892)
Error occurred prerendering page "/_not-found". Read more: https://nextjs.org/docs/messages/prerender-error
Export encountered an error on /_not-found/page: /_not-found, exiting the build.
Γ¿» Next.js build worker exited with code: 1 and signal: null
